// Jest Snapshot v1, https://goo.gl/fbAQLP

exports[`<RepoInfoPage /> should render and match the snapshot 1`] = `
<React.Fragment>
  <Helmet
    defer={true}
    encodeSpecialCharacters={true}
  >
    <title>
      User Name Repo Page
    </title>
    <meta
      content="Search using Github Username"
      name="description"
    />
  </Helmet>
  <NavBar />
  <PageWrapper>
    <Features />
  </PageWrapper>
</React.Fragment>
`;
